[
  ["mejor amigo", "mejor amigo"],
  ["mejor amiga", "mejor amiga"],
  ["amigo", "amigo"],
  ["amiga", "amiga"],
  ["novio", "novio"],
  ["novia", "novia"],
  ["tia", "tia"],
  ["tio", "tio"],
  ["sobrina", "sobrina"],
  ["sobrino", "sobrino"],
  ["abuela", "abuela"],
  ["yaya", "abuela"],
  ["nana", "abuela"],
  ["abuelo", "abuelo"],
  ["yayo", "abuelo"],
  ["madre", "madre"],
  ["mama", "madre"],
  ["ma", "madre"],
  ["mami", "madre"],
  ["mamita", "madre"],
  ["mamaita", "madre"],
  ["jefa", "madre"],
  ["vieja", "madre"],
  ["padre", "padre"],
  ["papa", "padre"],
  ["pa", "padre"],
  ["papi", "padre"],
  ["papito", "padre"],
  ["papaito", "padre"],
  ["jefe", "padre"],
  ["viejo", "padre"],
  ["marido", "marido"],
  ["mujer", "mujer"],
  ["esposa", "esposa"],
  ["esposo", "esposo"],
  ["prometido", "prometido"],
  ["prometida", "prometida"],
  ["hijo", "hijo"],
  ["hija", "hija"],
  ["hermano", "hermano"],
  ["bro", "hermano"],
  ["hermana", "hermana"],
  ["sis", "hermana"],
  ["fooz", "barz"]
]