[
  ["1", "Primero"],
  ["2", "Segundo"],
  ["3", "Tercero"],
  ["4", "Cuarto"],
  ["5", "Quinto"],
  ["6", "Sexto"],
  ["6", "Seiseno"],
  ["7", "Septimo"],
  ["7", "Setimo"],
  ["7", "Septeno"],
  ["7", "Seteno"],
  ["8", "Octavo"],
  ["9", "Noveno"],
  ["9", "Nono"],
  ["10", "Decimo"],
  ["10", "Deceno"],
  ["11", "Undecimo"],
  ["11", "Onceno"],
  ["12", Duodecimo
  ["12", "Doceno"],
  ["13", "Decimotercero"],
  ["14", "Decimocuarto"],
  ["15", "Decimoquinto"],
  ["16", "Decimosexto"],
  ["17", "Decimoseptimo"],
  ["17", "Decimosetimo"],
  ["18", "Decimooctavo"],
  ["19", "Decimonoveno"],
  ["19", "Decimonono"],
  ["20", "Vigesimo"],
  ["20", "Veintesimo"],
  ["21", "Vigesimo primero"],
  ["22", "Vigesimo segundo"],
  ["23", "Vigesimo tercero"],
  ["24", "Vigesimo cuarto"],
  ["25", "Vigesimo quinto"],
  ["26", "Vigesimo sexto"],
  ["27", "Vigesimo septimo"],
  ["27", "Vigesimo setimo"],
  ["28", "Vigesimo octavo"],
  ["29", "Vigesimo noveno"],
  ["29", "Vigesimo nono"],
  ["30", "Trigesimo"],
  ["30", "Treinteno"],
  ["31", "Trigesimo primero"],
  ["32", "Trigesimo segundo"],
  ["40", "Cuadragesimo"],
  ["50", "Quincuagesimo"],
  ["60", "Sexagesimo"],
  ["1", "1ro"],
  ["2", "2do"],
  ["3", "3ro"],
  ["4", "4to"],
  ["5", "5to"],
  ["6", "6to"],
  ["7", "7mo"],
  ["8", "8vo"],
  ["9", "9no"],
  ["10", "10mo"],
  ["11", "11vo"],
  ["12", "12vo"],
  ["13", "13vo"],
  ["14", "14vo"],
  ["15", "15vo"],
  ["16", "16vo"],
  ["17", "17vo"],
  ["18", "18vo"],
  ["19", "19vo"],
  ["20", "20vo"],
  ["21", "21vo"],
  ["22", "22vo"],
  ["23", "23vo"],
  ["24", "24vo"],
  ["25", "25vo"],
  ["26", "26vo"],
  ["27", "27vo"],
  ["28", "28vo"],
  ["29", "29vo"],
  ["30", "30vo"],
  ["31", "31vo"],
  ["32", "32vo"]
]