[
  ["", ""],
  ["afuera", "adentro"],
  ["adentro", "afuera"],
  ["alrededor", "dentro"],
  ["dentro", "alrededor"],
  ["debajo", "encima"],
  ["encima", "debajo"],
  ["abajo", "arriba"],
  ["arriba", "abajo"],
  ["atras", "adelante"],
  ["adelante", "atras"],

  ["al oeste de", "al este de"],
  ["al este de", "al oeste de"],
  ["al sur de", "al norte de"],
  ["al norte de", "al sur de"],
  ["a la derecha de", "a la izquierda de"],
  ["a la izquierda de", "a la derecha de"],
  ["alrededor de", "dentro de"],
  ["dentro de", "alrededor de"],
  ["encima de", "debajo de"],
  ["debajo de", "encima de"],
  ["cerca de", "lejos de"],
  ["lejos de", "cerca de"],
  ["en frente de", "detras de"],
  ["detras de", "en frente de"],

  ["Noche", "Dia"],
  ["Dia", "Noche"],
  ["Joven", "Mayor"],
  ["Mayor", "Joven"],
  ["Amplio", "Estrecho"],
  ["Estrecho", "Amplio"],
  ["Humedo", "Seco"],
  ["Seco", "Humedo"],
  ["Ajustado", "Holgado"],
  ["Holgado", "Ajustado"],
  ["Grueso", "Flaco"],
  ["Flaco", "Grueso"],
  ["Largo", "Corto"],
  ["Corto", "Largo"],
  ["Fuerte", "Debil"],
  ["Debil", "Fuerte"],
  ["Blando", "Duro"],
  ["Duro", "Blando"],
  ["Suave", "Aspero"],
  ["Aspero", "Suave"],
  ["Soltero", "Casado"],
  ["Casado", "Soltero"],
  ["Seguro", "Peligroso"],
  ["Peligroso", "Seguro"],
  ["Acertado", "Equivocado"],
  ["Equivocado", "Acertado"],
  ["Derecha", "Izquierda"],
  ["Izquierda", "Derecha"],
  ["Rico", "Pobre"],
  ["Pobre", "Rico"],
  ["Nuevo", "Viejo"],
  ["Viejo", "Nuevo"],
  ["Mucho", "Poco"],
  ["Poco", "Mucho"],
  ["Largo", "Corto"],
  ["Corto", "Largo"],
  ["Luminoso", "Oscuro"],
  ["Oscuro", "Luminoso"],
  ["Interesante", "Aburrido"],
  ["Aburrido", "Interesante"],
  ["Adentro", "Afuera"],
  ["Afuera", "Adentro"],
  ["Dentro", "Fuera"],
  ["Fuera", "Dentro"],
  ["Caliente", "Frio"],
  ["Frio", "Caliente"],
  ["Alto", "Bajo"],
  ["Bajo", "Alto"],
  ["Aqui", "Alli"],
  ["Alli", "Aqui"],
  ["Pesado", "Ligero"],
  ["Ligero", "Pesado"],
  ["Alegre", "Triste"],
  ["Triste", "Alegre"],
  ["Bueno", "Malo"],
  ["Malo", "Bueno"],
  ["Lleno", "Vacío"],
  ["Vacio", "Lleno"],
  ["Gordo", "Delgado"],
  ["Delgado", "Gordo"],
  ["Gordo", "Flaco"],
  ["Flaco", "Gordo"],
  ["Rapido", "Despacio"],
  ["Despacio", "Rapido"],
  ["Lejos", "Cerca"],
  ["Cerca", "Lejos"],
  ["Lejos", "Proximo"],
  ["Proximo", "Lejos"],
  ["Facil", "Duro"],
  ["Duro", "Facil"],
  ["Facil", "Dificil"],
  ["Dificil", "Facil"],
  ["Pronto", "Tarde"],
  ["Tarde", "Pronto"],
  ["Profundo", "Superficial"],
  ["Superficial", "Profundo"],
  ["Limpio", "Sucio"],
  ["Sucio", "Limpio"],
  ["Barato", "Caro"],
  ["Caro", "Barato"],
  ["Grande", "Pequeño"],
  ["Pequeño", "Grande"],
  ["Enorme", "Diminuto"],
  ["Diminuto", "Enorme"],
  ["fooz", "barz"]
]