[
  ["Primero, "1"],
  ["Segundo, "2"],
  ["Tercero, "3"],
  ["Cuarto, "4"],
  ["Quinto, "5"],
  ["Sexto, "6"],
  ["Seiseno, "6"],
  ["Septimo, "7"],
  ["Setimo, "7"],
  ["Septeno, "7"],
  ["Seteno, "7"],
  ["Octavo, "8"],
  ["Noveno, "9"],
  ["Nono, "9"],
  ["Decimo, "10"],
  ["Deceno, "10"],
  ["Undecimo, "11"],
  ["Onceno, "11"],
  ["Duodecimo, "12"],
  ["Doceno, "12"],
  ["Decimotercero, "13"],
  ["Decimocuarto, "14"],
  ["Decimoquinto, "15"],
  ["Decimosexto, "16"],
  ["Decimoseptimo, "17"],
  ["Decimosetimo, "17"],
  ["Decimooctavo, "18"],
  ["Decimonoveno, "19"],
  ["Decimonono, "19"],
  ["Vigesimo, "20"],
  ["Veintesimo, "20"],
  ["Vigesimo" , "primero, "21"],
  ["Vigesimo", "segundo, "22"],
  ["Vigesimo", "tercero, "23"],
  ["Vigesimo", "cuarto, "24"],
  ["Vigesimo", "quinto, "25"],
  ["Vigesimo", "sexto, "26"],
  ["Vigesimo", "septimo, "27"],
  ["Vigesimo", "setimo, "27"],
  ["Vigesimo", "octavo, "28"],
  ["Vigesimo", "noveno, "29"],
  ["Vigesimo", "nono, "29"],
  ["Trigesimo, "30"],
  ["Treinteno, "30"],
  ["Trigesimo", "primero, "31"],
  ["Trigesimo", "segundo, "32"],
  ["Cuadragesimo, "40"],
  ["Quincuagesimo, "50"],
  ["Sexagesimo, "60"],
  ["1ro, "1"],
  ["2do, "2"],
  ["3ro, "3"],
  ["4to, "4"],
  ["5to, "5"],
  ["6to, "6"],
  ["7mo, "7"],
  ["8vo, "8"],
  ["9no, "9"],
  ["10mo, "10"],
  ["11vo, "11"],
  ["12vo, "12"],
  ["13vo, "13"],
  ["14vo, "14"],
  ["15vo, "15"],
  ["16vo, "16"],
  ["17vo, "17"],
  ["18vo, "18"],
  ["19vo, "19"],
  ["20vo, "20"],
  ["21vo, "21"],
  ["22vo, "22"],
  ["23vo, "23"],
  ["24vo, "24"],
  ["25vo, "25"],
  ["26vo, "26"],
  ["27vo, "27"],
  ["28vo, "28"],
  ["29vo, "29"],
  ["30vo, "30"],
  ["31vo, "31"],
  ["32vo, "32"],
  ["fooz", "barz"]
]