[
  ["Republica Democratica del Congo", "Harare"],
  ["San Vincente y las Grenadinas", "Kingstown"],
  ["San Cristobal y Nieves", "Basseterre"],
  ["Santo Tome y Principe", "Santo Tome"],
  ["Antigua y Barbuda", "Saint John"],
  ["Bosnia Herzegovina", "Sarajevo"],
  ["Republica Centroafricana", "Bangui"],
  ["Republica del Congo", "Harare"],
  ["Costa de Marfil", "Yamusukro"],
  ["Papua Nueva Guinea", "Puerto Moresby"],
  ["Trinidad y Tobago", "Puerto España"],
  ["Emiratos Arabes Unidos", "Abu Dabi"],
  ["Burkina Faso", "Uagadugu"],
  ["Cabo Verde", "Praia"],
  ["Costa Rica", "San Jose"],
  ["Republica Checa", "Praga"],
  ["Republica Dominicana", "Santo Domingo"],
  ["Timor Oriental", "Dili"],
  ["El Salvador", "San Salvador"],
  ["Guinea Ecuatorial", "Malabo"],
  ["Guinea Bisau", "Bisau"],
  ["Republica de Guinea Bisau", "Bisau"],
  ["Corea del Norte", "Pionyang"],
  ["Corea del Sur", "Seul"],
  ["Islas Marshall", "Majuro"],
  ["Nueva Zelanda", "Wellington"],
  ["Santa Lucia", "Castries"],
  ["San Marino", "San Marino"],
  ["Arabia Saudi", "Riad"],
  ["Arabia Saudita", "Riad"],
  ["Sierra Leona", "Freetown"],
  ["Islas Salomon", "Honiara"],
  ["Sudafrica", "Pretoria"],
  ["Sudan", "Jartum"],
  ["Republica de Sudan", "Jartum"],
  ["Sri Lanka", "Sri Jayawardenapura Kotte"],
  ["Reino Unido", "Londres"],
  ["Estados Unidos", "Washington D. C."],
  ["Afganistan", "Kabul"],
  ["Albania", "Tirana"],
  ["Argelia", "Argel"],
  ["Republica Argelina Democratica y Popular", "Argel"],
  ["Andorra", "Andorra la Vieja"],
  ["Angola", "Luanda"],
  ["Argentina", "Buenos Aires"],
  ["Armenia", "Erevan"],
  ["Australia", "Canberra"],
  ["Austria", "Viena"],
  ["Azerbaiyan", "Baku"],
  ["Republica de Azerbaiyan", "Baku"],
  ["Republica Popular de Azerbaiyan", "Baku"],
  ["Bahamas", "Nasau"],
  ["Bahrein", "Manama"],
  ["Reino de Bahrein", "Manama"],
  ["Banglades", "Daca"],
  ["Barbados", "Bridgetown"],
  ["Bielorrusia", "Minsk"],
  ["Belarus", "Minsk"],
  ["Reino de Belarus", "Minsk"],
  ["Belgica", "Bruselas"],
  ["Belice", "Belmopan"],
  ["Benin", "Porto-Novo"],
  ["Republica de Benin", "Porto-Novo"],
  ["Butan", "Thimphu"],
  ["Reino de Butan", "Thimphu"],
  ["Bolivia", "Sucre"],
  ["Botsuana", "Gaborone"],
  ["Republica de Botsuana", "Gaborone"],
  ["Brasil", "Brasilia"],
  ["Republica Federativa de Brasil", "Brasilia"],
  ["Brunei", "  Bandar Seri Begawan"],
  ["Estado de Brunei Darussalam", " Bandar Seri Begawan"],
  ["Bulgaria", "Sofia"],
  ["Republica de Bulgaria", "Sofia"],
  ["Burundi", "Buyumbura"],
  ["Republica de Burundi", "Buyumbura"],
  ["Camboya", "Nom Pen"],
  ["Reino de Camboya", "Nom Pen"],
  ["Camerun", "Yaunde"],
  ["Republica del Camerun", "Yaunde"],
  ["Canada", "Ottawa"],
  ["Chad", "Yamena"],
  ["Republica de Chad", "Yamena"],
  ["Chile", "Santiago de Chile"],
  ["Republica de Chile", "Santiago de Chile"],
  ["China", "Pekin"],
  ["Republica Popular de China", "Pekin"],
  ["Colombia", "Bogota"],
  ["Republica de Colombia", "Bogota"],
  ["Comoras", "Moroni"],
  ["Comores", "Moroni"],
  ["Union de las Comoras", "Moroni"],
  ["Union de las Comores", "Moroni"],
  ["Croacia", "Zagreb"],
  ["Cuba", "La Habana"],
  ["Republica de Cuba", "La Habana"],
  ["Chipre", "Nicosia"],
  ["Republica de Chipre", "Nicosia"],
  ["Dinamarca", "Copenhague"],
  ["Reino de Dinamarca", "Copenhague"],
  ["Yibuti", "Yibuti"],
  ["Republica de Yibuti", "Yibuti"],
  ["Dominica", "Roseau"],
  ["Mancomunidad de Dominica", "Roseau"],
  ["Ecuador", "Quito"],
  ["Republica de Ecuador", "Quito"],
  ["Egipto", "El Cairo"],
  ["Republica Arabe de Egipto", "El Cairo"],
  ["Eritrea", "Asmara"],
  ["Estado de Eritrea", "Asmara"],
  ["Estonia", "Tallin"],
  ["Republica de Estonia", "Tallin"],
  ["Etiopia", "Adis Abeba"],
  ["Republica Democratica Federal de Etiopia", "Adis Abeba"],
  ["Fiyi", "Suva"],
  ["Republica de Fiyi", "Suva"],
  ["Finlandia", "Helsinki"],
  ["Francia", "Paris"],
  ["Republica Francesa", "Paris"],
  ["Gabon", "Libreville"],
  ["Republica Gabonesa", "Libreville"],
  ["Gambia", "Banjul"],
  ["Republica Islamica de Gambia", "Banjul"],
  ["Georgia", "Tiflis"],
  ["Alemania", "Berlin"],
  ["Republica Federal de Alemania", "Berlin"],
  ["Ghana", "Accra"],
  ["Republica de Ghana", "Accra"],
  ["Grecia", "Atenas"],
  ["Republica Helenica", "Atenas"],
  ["Granada", "Saint George"],
  ["Guatemala", "Guatemala"],
  ["Guinea", "Conakri"],
  ["Republica de Guinea", "Conakri"],
  ["Guyana", "Georgetown"],
  ["Republica Cooperativa de Guyana", "Georgetown"],
  ["Haiti", "Puerto Principe"],
  ["Republica de Haiti", "Puerto Principe"],
  ["Honduras", "Tegucigalpa"],
  ["Republica de Honduras", "Tegucigalpa"],
  ["Hungria", "Budapest"],
  ["Islandia", "Reikiavik"],
  ["India", "Nueva Delhi"],
  ["Republica de la India", "Nueva Delhi"],
  ["Indonesia", "Yakarta"],
  ["Republica de Indonesia", "Yakarta"],
  ["Iran", "Teheran"],
  ["Republica Islamica de Iran", "Teheran"],
  ["Irak", "Bagdad"],
  ["Republica de Irak", "Bagdad"],
  ["Irlanda", "Dublin"],
  ["Israel", "Jerusalen"],
  ["Estado de Israel", "Jerusalen"],
  ["Italia", "Roma"],
  ["Republica Italiana", "Roma"],
  ["Jamaica", "Kingston"],
  ["Japon", "Tokio"],
  ["Estado de Japon", "Tokio"],
  ["Jordania", "Aman"],
  ["Reino Hachemita de Jordania", "Aman"],
  ["Kazajistan", "Astana"],
  ["Republica de Kazajistan", "Astana"],
  ["Kenia", "Nairobi"],
  ["Republica de Kenia", "Nairobi"],
  ["Kiribati", "Tarawa"],
  ["Republica de Kiribati", "Tarawa"],
  ["Kosovo", "Pristina"],
  ["Republica de Kosovo", "Pristina"],
  ["Kuwait", "Kuwait City"],
  ["Estado de Kuwait", "Kuwait City"],
  ["Kirguistan", "Biskek"],
  ["Republica de Kirguistan", "Biskek"],
  ["Laos", "Vientian"],
  ["Republica Democratica Popular Lao", "Vientian"],
  ["Letonia", "Riga"],
  ["Republica de Letonia", "Riga"],
  ["Libano", "Beirut"],
  ["Republica Libanesa", "Beirut"],
  ["Lesoto", "Maseru"],
  ["Reino de Lesoto", "Maseru"],
  ["Liberia", "Monrovia"],
  ["Republica de Liberia", "Monrovia"],
  ["Libia", "Tripoli"],
  ["Estado de Libia", "Tripoli"],
  ["Liechtenstein", "Vaduz"],
  ["Principado de Liechtenstein", "Vaduz"],
  ["Lituania", "Vilna"],
  ["Republica de Lituania", "Vilna"],
  ["Luxemburgo", "Luxemburgo"],
  ["Gran Ducado de Luxemburgo", "Luxemburgo"],
  ["Macedonia", "Skopie"],
  ["Republica de Macedonia", "Skopie"],
  ["Madagascar", "Antananarivo"],
  ["Republica de Madagascar", "Antananarivo"],
  ["Malawi", "Lilongüe"],
  ["Malaui", "Lilongüe"],
  ["Republica de Malaui", "Lilongüe"],
  ["Malasia", " Kuala Lumpur"],
  ["Maldivas", "Male"],
  ["Republica de Maldivas", "Male"],
  ["Mali", "Bamako"],
  ["Republica de Mali", "Bamako"],
  ["Malta", " La Valeta"],
  ["Republica de Malta", "  La Valeta"],
  ["Mauritania", "Nuakchot"],
  ["Republica Islamica de Mauritania", "Nuakchot"],
  ["Mauricio", "  Port Louis"],
  ["Republica de Mauricio", " Port Louis"],
  ["Mexico", "Mexico D.F."],
  ["Estados Unidos Mexicanos", "Mexico D.F."],
  ["Micronesia", "Palikir"],
  ["Moldavia", "Chisinau"],
  ["Republica de Moldavia", "Chisinau"],
  ["Monaco", "Monaco"],
  ["Principado de Monaco", "Monaco"],
  ["Mongolia", "Ulan Bator"],
  ["Montenegro", "Podgorica"],
  ["Marruecos", "Rabat"],
  ["Reino de Marruecos", "Rabat"],
  ["Mozambique", "Maputo"],
  ["Republica de Mozambique", "Maputo"],
  ["Birmania", "Naipyido"],
  ["Myanmar", "Naipyido"],
  ["Republica de la Union de Myanmar", "Naipyido"],
  ["Namibia", "Windhoek"],
  ["Republica de Namibia", "Windhoek"],
  ["Nauru", "Yaren"],
  ["Republica de Nauru", "Yaren"],
  ["Nepal", "Katmandu"],
  ["Republica Federal Democratica de Nepal", "Katmandu"],
  ["Paises Bajos", "Amsterdam"],
  ["Nicaragua", "Managua"],
  ["Republica de Nicaragua", "Managua"],
  ["Niger", "Niamey"],
  ["Republica de Niger", "Niamey"],
  ["Nigeria", "Abuya"],
  ["Republica Federal de Nigeria", "Abuya"],
  ["Noruega", "Oslo"],
  ["Reino de Noruega", "Oslo"],
  ["Oman", "Mascate"],
  ["Sultanato de Oman", "Mascate"],
  ["Pakistan", "Islamabad"],
  ["Republica Islamica de Pakistan", "Islamabad"],
  ["Palaos", "Melekeok"],
  ["Republica de Palaos", "Melekeok"],
  ["Panama", "Panama"],
  ["Republica de Panama", "Panama"],
  ["Paraguay", "Asuncion"],
  ["Republica de Paraguay", "Asuncion"],
  ["Peru", "Lima"],
  ["Republica del Peru", "Lima"],
  ["Filipinas", "Manila"],
  ["Republica de Filipinas", "Manila"],
  ["Polonia", "Varsovia"],
  ["Republica de Polonia", "Varsovia"],
  ["Portugal", "Lisboa"],
  ["Republica Portuguesa", "Lisboa"],
  ["Catar", "Doha"],
  ["Estado de Catar", "Doha"],
  ["Rumania", "Bucarest"],
  ["Rusia", "Moscu"],
  ["Federacion de Rusia", "Moscu"],
  ["Ruanda", "Kigali"],
  ["Republica de Ruanda", "Kigali"],
  ["Samoa", "Apia"],
  ["Estado Independiente de Samoa", "Apia"],
  ["Senegal", "Dakar"],
  ["Republica de Senegal", "Dakar"],
  ["Serbia", "Belgrado"],
  ["Republica de Serbia", "Belgrado"],
  ["Seychelles", "Victoria"],
  ["Republica de las Seychelles", "Victoria"],
  ["Singapur", "Singapur"],
  ["Republica de Singapur", "Singapur"],
  ["Eslovaquia", "Bratislava"],
  ["Republica Eslovaca", "Bratislava"],
  ["Eslovenia", "Liubliana"],
  ["Republica de Eslovenia", "Liubliana"],
  ["Somalia", "Mogadiscio"],
  ["Republica Federal de Somalia", "Mogadiscio"],
  ["España", "Madrid"],
  ["Reino de España", "Madrid"],
  ["Sudan", "Jartum"],
  ["Republica del Sudan", "Jartum"],
  ["Surinam", "Paramaribo"],
  ["Republica de Surinam", "Paramaribo"],
  ["Suazilandia", "Mbabane"],
  ["Reino de Suazilandia", "Mbabane"],
  ["Suecia", "Estocolmo"],
  ["Reino de Suecia", "Estocolmo"],
  ["Suiza", "Berna"],
  ["Confederacion Suiza", "Berna"],
  ["Siria", "Damasco"],
  ["Republica Arabe de Siria", "Damasco"],
  ["Taiwan", "Taipei"],
  ["Tayikistan", "Dusambe"],
  ["Republica de Tayikistan", "Dusambe"],
  ["Tanzania", "Dodoma"],
  ["Republica Unida de Tanzania", "Dodoma"],
  ["Tailandia", "Bangkok"],
  ["Reino de Tailandia", "Bangkok"],
  ["Togo", "Lome"],
  ["Republica Togolesa", "Lome"],
  ["Tonga", "Nukualofa"],
  ["Reino de Tonga", "Nukualofa"],
  ["Tunez", "Tunez"],
  ["Republica Tunecina", "Tunez"],
  ["Turquia", "Ankara"],
  ["Republica de Turquia", "Ankara"],
  ["Turkmenistan", "Asjabad"],
  ["Republica de Turkmenistan", "Asjabad"],
  ["Tuvalu", "Funafuti"],
  ["Uganda", "Kampala"],
  ["Republica de Uganda", "Kampala"],
  ["Ucrania", "Kiev"],
  ["Uruguay", "Montevideo"],
  ["Republica Oriental del Uruguay", "Montevideo"],
  ["Uzbekistan", "Taskent"],
  ["Republica de Uzbekistan", "Taskent"],
  ["Vanuatu", "Port Vila"],
  ["Republica de Vanuatu", "Port Vila"],
  ["Venezuela", "Caracas"],
  ["Republica Bolivariana del Venezuela", "Caracas"],
  ["Vietnam", "Hanoi"],
  ["Republica Socialista de Vietnam", "Hanoi"],
  ["Yemen", "Sana"],
  ["Republica de Yemen", "Sana"],
  ["Zambia", "Lusaka"],
  ["Republica de Zambia", "Lusaka"],
  ["Zimbabue", "Harare"],
  ["Republica de Zimbabue", "Harare"],
  ["fooz", "barz"]
]