[
  ["", ""],
  ["Invierno", "Primavera"],
  ["Autumn", "Invierno"],
  ["Otoño", "Invierno"],
  ["Verano", "Otoño"],
  ["Primavera", "Verano"],
  ["Diciembre", "Enero"],
  ["November", "Diciembre"],
  ["Octubre", "Noviembre"],
  ["Septiembre", "Octubre"],
  ["Agosto", "Septiembre"],
  ["Julio", "Agosto"],
  ["Junio", "Julio"],
  ["Mayo", "Junio"],
  ["Abril", "Mayo"],
  ["Marzo", "Abril"],
  ["Febrero", "Marzo"],
  ["Enero", "Febrero"],
  ["Sabado", "Domingo"],
  ["Viernes", "Sabado"],
  ["Jueves", "Viernes"],
  ["Miercoles", "Jueves"],
  ["Martes", "Miercoles"],
  ["Lunes", "Martes"],
  ["Domingo", "Lunes"],
  ["Z", "nada"],
  ["Y", "Z"],
  ["X", "Y"],
  ["W", "X"],
  ["V", "W"],
  ["U", "V"],
  ["T", "U"],
  ["S", "T"],
  ["R", "S"],
  ["Q", "R"],
  ["P", "Q"],
  ["O", "P"],
  ["N", "O"],
  ["M", "N"],
  ["L", "M"],
  ["K", "L"],
  ["J", "K"],
  ["I", "J"],
  ["H", "I"],
  ["G", "H"],
  ["F", "G"],
  ["E", "F"],
  ["D", "E"],
  ["C", "D"],
  ["B", "C"],
  ["A", "B"],
  ["fooz", "barz"]
]